Script started on Mon Oct 19 19:47:06 2009
bash-3.2$ cd sc[K[K[K[K[Kls script
about		console		dbconsole	destroy		generate	performance	plugin		runner		server
bash-3.2$ script about
Script started, output file is about
bash-3.2$ logout/abu[Kput[K[K[Kout
bash: logout/about: No such file or directory
bash-3.2$ logout/about[K[K[K[K[Kdestroy
bash: logout/destroy: No such file or directory
bash-3.2$ logout/destroy[K[K[K[K[K[K[K[K[K[K[K[K[K[Kscriptconsole
bash: scriptconsole: command not found
bash-3.2$ scriptconsole/console
Loading development environment (Rails 2.3.2)
>> -h
NameError: undefined local variable or method `h' for #<Object:0x389a0 @controller=#<ApplicationController:0x18b1978>>
	from (irb):1
>> - help
NoMethodError: You have a nil object when you didn't expect it!
The error occurred while evaluating nil.-@
	from (irb):2
>> - helphelp[K
NoMethodError: You have a nil object when you didn't expect it!
The error occurred while evaluating nil.-@
	from (irb):3
>> exit
bash-3.2$ -h
bash: -h: command not found
bash-3.2$ script/server
=> Booting WEBrick
=> Rails 2.3.2 application starting on http://0.0.0.0:3000
=> Call with -d to detach
=> Ctrl-C to shutdown server
[2009-10-19 19:48:36] INFO  WEBrick 1.3.1
[2009-10-19 19:48:36] INFO  ruby 1.8.6 (2008-03-03) [universal-darwin9.0]
[2009-10-19 19:48:36] WARN  TCPServer Error: Address already in use - bind(2)
[2009-10-19 19:48:36] WARN  TCPServer Error: Address already in use - bind(2)
Exiting
/System/Library/Frameworks/Ruby.framework/Versions/1.8/usr/lib/ruby/1.8/webrick/utils.rb:73:in `initialize': Address already in use - bind(2) (Errno::EADDRINUSE)
	from /System/Library/Frameworks/Ruby.framework/Versions/1.8/usr/lib/ruby/1.8/webrick/utils.rb:73:in `new'
	from /System/Library/Frameworks/Ruby.framework/Versions/1.8/usr/lib/ruby/1.8/webrick/utils.rb:73:in `create_listeners'
	from /System/Library/Frameworks/Ruby.framework/Versions/1.8/usr/lib/ruby/1.8/webrick/utils.rb:70:in `each'
	from /System/Library/Frameworks/Ruby.framework/Versions/1.8/usr/lib/ruby/1.8/webrick/utils.rb:70:in `create_listeners'
	from /System/Library/Frameworks/Ruby.framework/Versions/1.8/usr/lib/ruby/1.8/webrick/server.rb:75:in `listen'
	from /System/Library/Frameworks/Ruby.framework/Versions/1.8/usr/lib/ruby/1.8/webrick/server.rb:63:in `initialize'
	from /System/Library/Frameworks/Ruby.framework/Versions/1.8/usr/lib/ruby/1.8/webrick/httpserver.rb:24:in `initialize'
	from /Library/Ruby/Gems/1.8/gems/actionpack-2.3.2/lib/action_controller/vendor/rack-1.0/rack/handler/webrick.rb:9:in `new'
	from /Library/Ruby/Gems/1.8/gems/actionpack-2.3.2/lib/action_controller/vendor/rack-1.0/rack/handler/webrick.rb:9:in `run'
	from /Users/Abu/.gem/ruby/1.8/gems/rails-2.3.2/lib/commands/server.rb:111
	from /Library/Ruby/Site/1.8/rubygems/custom_require.rb:31:in `gem_original_require'
	from /Library/Ruby/Site/1.8/rubygems/custom_require.rb:31:in `require'
	from script/server:3
bash-3.2$ script/server -end
=> Booting WEBrick
=> Rails 2.3.2 application starting on http://0.0.0.0:3000
/Users/Abu/.gem/ruby/1.8/gems/rails-2.3.2/lib/initializer.rb:365:in `read': No such file or directory - /Applications/MAMP/htdocs/brokerage2/config/environments/nd.rb (Errno::ENOENT)
	from /Users/Abu/.gem/ruby/1.8/gems/rails-2.3.2/lib/initializer.rb:365:in `load_environment'
	from /Library/Ruby/Gems/1.8/gems/activesupport-2.3.2/lib/active_support/core_ext/kernel/reporting.rb:11:in `silence_warnings'
	from /Users/Abu/.gem/ruby/1.8/gems/rails-2.3.2/lib/initializer.rb:358:in `load_environment'
	from /Users/Abu/.gem/ruby/1.8/gems/rails-2.3.2/lib/initializer.rb:137:in `process'
	from /Users/Abu/.gem/ruby/1.8/gems/rails-2.3.2/lib/initializer.rb:113:in `send'
	from /Users/Abu/.gem/ruby/1.8/gems/rails-2.3.2/lib/initializer.rb:113:in `run'
	from /Applications/MAMP/htdocs/brokerage2/config/environment.rb:9
	from /Library/Ruby/Site/1.8/rubygems/custom_require.rb:31:in `gem_original_require'
	from /Library/Ruby/Site/1.8/rubygems/custom_require.rb:31:in `require'
	from /Library/Ruby/Gems/1.8/gems/activesupport-2.3.2/lib/active_support/dependencies.rb:156:in `require'
	from /Library/Ruby/Gems/1.8/gems/activesupport-2.3.2/lib/active_support/dependencies.rb:521:in `new_constants_in'
	from /Library/Ruby/Gems/1.8/gems/activesupport-2.3.2/lib/active_support/dependencies.rb:156:in `require'
	from /Users/Abu/.gem/ruby/1.8/gems/rails-2.3.2/lib/commands/server.rb:84
	from /Library/Ruby/Site/1.8/rubygems/custom_require.rb:31:in `gem_original_require'
	from /Library/Ruby/Site/1.8/rubygems/custom_require.rb:31:in `require'
	from script/server:3
bash-3.2$ script/server -end[1P-end[C[1Pend end\end
=> Booting WEBrick
=> Rails 2.3.2 application starting on http://0.0.0.0:3000
=> Call with -d to detach
=> Ctrl-C to shutdown server
[2009-10-19 19:49:02] INFO  WEBrick 1.3.1
[2009-10-19 19:49:02] INFO  ruby 1.8.6 (2008-03-03) [universal-darwin9.0]
[2009-10-19 19:49:02] WARN  TCPServer Error: Address already in use - bind(2)
[2009-10-19 19:49:02] WARN  TCPServer Error: Address already in use - bind(2)
Exiting
/System/Library/Frameworks/Ruby.framework/Versions/1.8/usr/lib/ruby/1.8/webrick/utils.rb:73:in `initialize': Address already in use - bind(2) (Errno::EADDRINUSE)
	from /System/Library/Frameworks/Ruby.framework/Versions/1.8/usr/lib/ruby/1.8/webrick/utils.rb:73:in `new'
	from /System/Library/Frameworks/Ruby.framework/Versions/1.8/usr/lib/ruby/1.8/webrick/utils.rb:73:in `create_listeners'
	from /System/Library/Frameworks/Ruby.framework/Versions/1.8/usr/lib/ruby/1.8/webrick/utils.rb:70:in `each'
	from /System/Library/Frameworks/Ruby.framework/Versions/1.8/usr/lib/ruby/1.8/webrick/utils.rb:70:in `create_listeners'
	from /System/Library/Frameworks/Ruby.framework/Versions/1.8/usr/lib/ruby/1.8/webrick/server.rb:75:in `listen'
	from /System/Library/Frameworks/Ruby.framework/Versions/1.8/usr/lib/ruby/1.8/webrick/server.rb:63:in `initialize'
	from /System/Library/Frameworks/Ruby.framework/Versions/1.8/usr/lib/ruby/1.8/webrick/httpserver.rb:24:in `initialize'
	from /Library/Ruby/Gems/1.8/gems/actionpack-2.3.2/lib/action_controller/vendor/rack-1.0/rack/handler/webrick.rb:9:in `new'
	from /Library/Ruby/Gems/1.8/gems/actionpack-2.3.2/lib/action_controller/vendor/rack-1.0/rack/handler/webrick.rb:9:in `run'
	from /Users/Abu/.gem/ruby/1.8/gems/rails-2.3.2/lib/commands/server.rb:111
	from /Library/Ruby/Site/1.8/rubygems/custom_require.rb:31:in `gem_original_require'
	from /Library/Ruby/Site/1.8/rubygems/custom_require.rb:31:in `require'
	from script/server:3
bash-3.2$ script/server \end[C[K[K[Kstop
=> Booting WEBrick
=> Rails 2.3.2 application starting on http://0.0.0.0:3000
=> Call with -d to detach
=> Ctrl-C to shutdown server
[2009-10-19 19:49:09] INFO  WEBrick 1.3.1
[2009-10-19 19:49:09] INFO  ruby 1.8.6 (2008-03-03) [universal-darwin9.0]
[2009-10-19 19:49:09] WARN  TCPServer Error: Address already in use - bind(2)
[2009-10-19 19:49:09] WARN  TCPServer Error: Address already in use - bind(2)
Exiting
/System/Library/Frameworks/Ruby.framework/Versions/1.8/usr/lib/ruby/1.8/webrick/utils.rb:73:in `initialize': Address already in use - bind(2) (Errno::EADDRINUSE)
	from /System/Library/Frameworks/Ruby.framework/Versions/1.8/usr/lib/ruby/1.8/webrick/utils.rb:73:in `new'
	from /System/Library/Frameworks/Ruby.framework/Versions/1.8/usr/lib/ruby/1.8/webrick/utils.rb:73:in `create_listeners'
	from /System/Library/Frameworks/Ruby.framework/Versions/1.8/usr/lib/ruby/1.8/webrick/utils.rb:70:in `each'
	from /System/Library/Frameworks/Ruby.framework/Versions/1.8/usr/lib/ruby/1.8/webrick/utils.rb:70:in `create_listeners'
	from /System/Library/Frameworks/Ruby.framework/Versions/1.8/usr/lib/ruby/1.8/webrick/server.rb:75:in `listen'
	from /System/Library/Frameworks/Ruby.framework/Versions/1.8/usr/lib/ruby/1.8/webrick/server.rb:63:in `initialize'
	from /System/Library/Frameworks/Ruby.framework/Versions/1.8/usr/lib/ruby/1.8/webrick/httpserver.rb:24:in `initialize'
	from /Library/Ruby/Gems/1.8/gems/actionpack-2.3.2/lib/action_controller/vendor/rack-1.0/rack/handler/webrick.rb:9:in `new'
	from /Library/Ruby/Gems/1.8/gems/actionpack-2.3.2/lib/action_controller/vendor/rack-1.0/rack/handler/webrick.rb:9:in `run'
	from /Users/Abu/.gem/ruby/1.8/gems/rails-2.3.2/lib/commands/server.rb:111
	from /Library/Ruby/Site/1.8/rubygems/custom_require.rb:31:in `gem_original_require'
	from /Library/Ruby/Site/1.8/rubygems/custom_require.rb:31:in `require'
	from script/server:3
bash-3.2$ script/server \stop[K[K[K[K[K--stop
server: invalid option: --stop
=> Booting WEBrick
=> Rails 2.3.2 application starting on http://0.0.0.0:3000
=> Call with -d to detach
=> Ctrl-C to shutdown server
[2009-10-19 19:49:20] INFO  WEBrick 1.3.1
[2009-10-19 19:49:20] INFO  ruby 1.8.6 (2008-03-03) [universal-darwin9.0]
[2009-10-19 19:49:20] WARN  TCPServer Error: Address already in use - bind(2)
[2009-10-19 19:49:20] WARN  TCPServer Error: Address already in use - bind(2)
Exiting
/System/Library/Frameworks/Ruby.framework/Versions/1.8/usr/lib/ruby/1.8/webrick/utils.rb:73:in `initialize': Address already in use - bind(2) (Errno::EADDRINUSE)
	from /System/Library/Frameworks/Ruby.framework/Versions/1.8/usr/lib/ruby/1.8/webrick/utils.rb:73:in `new'
	from /System/Library/Frameworks/Ruby.framework/Versions/1.8/usr/lib/ruby/1.8/webrick/utils.rb:73:in `create_listeners'
	from /System/Library/Frameworks/Ruby.framework/Versions/1.8/usr/lib/ruby/1.8/webrick/utils.rb:70:in `each'
	from /System/Library/Frameworks/Ruby.framework/Versions/1.8/usr/lib/ruby/1.8/webrick/utils.rb:70:in `create_listeners'
	from /System/Library/Frameworks/Ruby.framework/Versions/1.8/usr/lib/ruby/1.8/webrick/server.rb:75:in `listen'
	from /System/Library/Frameworks/Ruby.framework/Versions/1.8/usr/lib/ruby/1.8/webrick/server.rb:63:in `initialize'
	from /System/Library/Frameworks/Ruby.framework/Versions/1.8/usr/lib/ruby/1.8/webrick/httpserver.rb:24:in `initialize'
	from /Library/Ruby/Gems/1.8/gems/actionpack-2.3.2/lib/action_controller/vendor/rack-1.0/rack/handler/webrick.rb:9:in `new'
	from /Library/Ruby/Gems/1.8/gems/actionpack-2.3.2/lib/action_controller/vendor/rack-1.0/rack/handler/webrick.rb:9:in `run'
	from /Users/Abu/.gem/ruby/1.8/gems/rails-2.3.2/lib/commands/server.rb:111
	from /Library/Ruby/Site/1.8/rubygems/custom_require.rb:31:in `gem_original_require'
	from /Library/Ruby/Site/1.8/rubygems/custom_require.rb:31:in `require'
	from script/server:3
bash-3.2$ script/server --stop[K[K[K[Kend
server: invalid option: --end
=> Booting WEBrick
=> Rails 2.3.2 application starting on http://0.0.0.0:3000
=> Call with -d to detach
=> Ctrl-C to shutdown server
[2009-10-19 19:49:26] INFO  WEBrick 1.3.1
[2009-10-19 19:49:26] INFO  ruby 1.8.6 (2008-03-03) [universal-darwin9.0]
[2009-10-19 19:49:26] WARN  TCPServer Error: Address already in use - bind(2)
[2009-10-19 19:49:26] WARN  TCPServer Error: Address already in use - bind(2)
Exiting
/System/Library/Frameworks/Ruby.framework/Versions/1.8/usr/lib/ruby/1.8/webrick/utils.rb:73:in `initialize': Address already in use - bind(2) (Errno::EADDRINUSE)
	from /System/Library/Frameworks/Ruby.framework/Versions/1.8/usr/lib/ruby/1.8/webrick/utils.rb:73:in `new'
	from /System/Library/Frameworks/Ruby.framework/Versions/1.8/usr/lib/ruby/1.8/webrick/utils.rb:73:in `create_listeners'
	from /System/Library/Frameworks/Ruby.framework/Versions/1.8/usr/lib/ruby/1.8/webrick/utils.rb:70:in `each'
	from /System/Library/Frameworks/Ruby.framework/Versions/1.8/usr/lib/ruby/1.8/webrick/utils.rb:70:in `create_listeners'
	from /System/Library/Frameworks/Ruby.framework/Versions/1.8/usr/lib/ruby/1.8/webrick/server.rb:75:in `listen'
	from /System/Library/Frameworks/Ruby.framework/Versions/1.8/usr/lib/ruby/1.8/webrick/server.rb:63:in `initialize'
	from /System/Library/Frameworks/Ruby.framework/Versions/1.8/usr/lib/ruby/1.8/webrick/httpserver.rb:24:in `initialize'
	from /Library/Ruby/Gems/1.8/gems/actionpack-2.3.2/lib/action_controller/vendor/rack-1.0/rack/handler/webrick.rb:9:in `new'
	from /Library/Ruby/Gems/1.8/gems/actionpack-2.3.2/lib/action_controller/vendor/rack-1.0/rack/handler/webrick.rb:9:in `run'
	from /Users/Abu/.gem/ruby/1.8/gems/rails-2.3.2/lib/commands/server.rb:111
	from /Library/Ruby/Site/1.8/rubygems/custom_require.rb:31:in `gem_original_require'
	from /Library/Ruby/Site/1.8/rubygems/custom_require.rb:31:in `require'
	from script/server:3
bash-3.2$ script/server --end[K[K[Kquit
server: invalid option: --quit
=> Booting WEBrick
=> Rails 2.3.2 application starting on http://0.0.0.0:3000
=> Call with -d to detach
=> Ctrl-C to shutdown server
[2009-10-19 19:49:34] INFO  WEBrick 1.3.1
[2009-10-19 19:49:34] INFO  ruby 1.8.6 (2008-03-03) [universal-darwin9.0]
[2009-10-19 19:49:34] WARN  TCPServer Error: Address already in use - bind(2)
[2009-10-19 19:49:34] WARN  TCPServer Error: Address already in use - bind(2)
Exiting
/System/Library/Frameworks/Ruby.framework/Versions/1.8/usr/lib/ruby/1.8/webrick/utils.rb:73:in `initialize': Address already in use - bind(2) (Errno::EADDRINUSE)
	from /System/Library/Frameworks/Ruby.framework/Versions/1.8/usr/lib/ruby/1.8/webrick/utils.rb:73:in `new'
	from /System/Library/Frameworks/Ruby.framework/Versions/1.8/usr/lib/ruby/1.8/webrick/utils.rb:73:in `create_listeners'
	from /System/Library/Frameworks/Ruby.framework/Versions/1.8/usr/lib/ruby/1.8/webrick/utils.rb:70:in `each'
	from /System/Library/Frameworks/Ruby.framework/Versions/1.8/usr/lib/ruby/1.8/webrick/utils.rb:70:in `create_listeners'
	from /System/Library/Frameworks/Ruby.framework/Versions/1.8/usr/lib/ruby/1.8/webrick/server.rb:75:in `listen'
	from /System/Library/Frameworks/Ruby.framework/Versions/1.8/usr/lib/ruby/1.8/webrick/server.rb:63:in `initialize'
	from /System/Library/Frameworks/Ruby.framework/Versions/1.8/usr/lib/ruby/1.8/webrick/httpserver.rb:24:in `initialize'
	from /Library/Ruby/Gems/1.8/gems/actionpack-2.3.2/lib/action_controller/vendor/rack-1.0/rack/handler/webrick.rb:9:in `new'
	from /Library/Ruby/Gems/1.8/gems/actionpack-2.3.2/lib/action_controller/vendor/rack-1.0/rack/handler/webrick.rb:9:in `run'
	from /Users/Abu/.gem/ruby/1.8/gems/rails-2.3.2/lib/commands/server.rb:111
	from /Library/Ruby/Site/1.8/rubygems/custom_require.rb:31:in `gem_original_require'
	from /Library/Ruby/Site/1.8/rubygems/custom_require.rb:31:in `require'
	from script/server:3
bash-3.2$ script/server --quit[K[K[K[K[Kd
=> Booting WEBrick
=> Rails 2.3.2 application starting on http://0.0.0.0:3000
bash-3.2$ script/server -d
=> Booting WEBrick
=> Rails 2.3.2 application starting on http://0.0.0.0:3000
bash-3.2$ script/server -d[K[K
=> Booting WEBrick
=> Rails 2.3.2 application starting on http://0.0.0.0:3000
=> Call with -d to detach
=> Ctrl-C to shutdown server
[2009-10-19 19:49:55] INFO  WEBrick 1.3.1
[2009-10-19 19:49:55] INFO  ruby 1.8.6 (2008-03-03) [universal-darwin9.0]
[2009-10-19 19:49:55] WARN  TCPServer Error: Address already in use - bind(2)
[2009-10-19 19:49:55] WARN  TCPServer Error: Address already in use - bind(2)
Exiting
/System/Library/Frameworks/Ruby.framework/Versions/1.8/usr/lib/ruby/1.8/webrick/utils.rb:73:in `initialize': Address already in use - bind(2) (Errno::EADDRINUSE)
	from /System/Library/Frameworks/Ruby.framework/Versions/1.8/usr/lib/ruby/1.8/webrick/utils.rb:73:in `new'
	from /System/Library/Frameworks/Ruby.framework/Versions/1.8/usr/lib/ruby/1.8/webrick/utils.rb:73:in `create_listeners'
	from /System/Library/Frameworks/Ruby.framework/Versions/1.8/usr/lib/ruby/1.8/webrick/utils.rb:70:in `each'
	from /System/Library/Frameworks/Ruby.framework/Versions/1.8/usr/lib/ruby/1.8/webrick/utils.rb:70:in `create_listeners'
	from /System/Library/Frameworks/Ruby.framework/Versions/1.8/usr/lib/ruby/1.8/webrick/server.rb:75:in `listen'
	from /System/Library/Frameworks/Ruby.framework/Versions/1.8/usr/lib/ruby/1.8/webrick/server.rb:63:in `initialize'
	from /System/Library/Frameworks/Ruby.framework/Versions/1.8/usr/lib/ruby/1.8/webrick/httpserver.rb:24:in `initialize'
	from /Library/Ruby/Gems/1.8/gems/actionpack-2.3.2/lib/action_controller/vendor/rack-1.0/rack/handler/webrick.rb:9:in `new'
	from /Library/Ruby/Gems/1.8/gems/actionpack-2.3.2/lib/action_controller/vendor/rack-1.0/rack/handler/webrick.rb:9:in `run'
	from /Users/Abu/.gem/ruby/1.8/gems/rails-2.3.2/lib/commands/server.rb:111
	from /Library/Ruby/Site/1.8/rubygems/custom_require.rb:31:in `gem_original_require'
	from /Library/Ruby/Site/1.8/rubygems/custom_require.rb:31:in `require'
	from script/server:3
bash-3.2$ kill pid
bash: kill: pid: arguments must be process or job IDs
bash-3.2$ kill
kill: usage: kill [-s sigspec | -n signum | -sigspec] pid | jobspec ... or kill -l [sigspec]
bash-3.2$ cd
bash-3.2$ ls
Applications		Documents		Library			Music			Public			Sites
Desktop			Downloads		Movies			Pictures		Send Registration
bash-3.2$ cd applicatiomm[K[Kns
bash-3.2$ ls
bash-3.2$ ls
bash-3.2$ cd tmp
bash: cd: tmp: No such file or directory
bash-3.2$ cd /applications
bash-3.2$ ls
Address Book.app		DVD Player.app			Front Row.app			Ping.app			TextEdit.app			iPhoto.app
Aperture.app			Dashboard.app			GarageBand.app			Preview.app			TextMate.app			iSerial Reader.app
AppleScript			Dictionary.app			Gimp.app			QuickTime Player.app		Time Machine.app		iSync.app
Automator.app			Espresso.app			Google Earth.app		Safari.app			Transmit.app			iTunes.app
Balsamiq Mockups.app		EspressoSnippetImporter.app	Image Capture.app		Skype.app			Utilities			iWeb.app
CSSEdit.app			Expose.app			Inkscape.app			Spaces.app			iCal.app			skEdit.app
Calculator.app			Flip4Mac			MAMP				Stickies.app			iChat.app			xScope.app
Chess.app			Font Book.app			Mail.app			System Preferences.app		iDVD.app
Coda.app			Freemind			Photo Booth.app			Tangerine.app			iMovie.app
bash-3.2$ cd tmp
bash: cd: tmp: No such file or directory
bash-3.2$ cd ..
bash-3.2$ ls
Applications			System				bin				home				private				var
Developer			User Guides And Information	cores				mach_kernel			sbin
Library				Users				dev				mach_kernel.ctfsys		tmp
Network				Volumes				etc				net				usr
bash-3.2$ cd tmp
bash-3.2$ ls
com.hp.launchport	launch-5PKZj5		launch-Ie7Zm0		launch-WlZsnJ		launchd-64.9vnFuM
bash-3.2$ 